[    0.00000] Initializing cgroup subsys cpuset
[    0.000000] Initializingcgroupsubsys cpu
[    0.000000] Initializingcgroup subsys cpuacct
[    0.000000] Linux version 4.4.0-134-generic (buildd@lgw01-amd64-033) (gcc version 5.4.0 2160609 (Ubuntu 5.4.0-6ubuntu1~16.04.10) ) #160-Ubuntu SMP Wed Aug 15 14:58:00 UTC 2018 (Ubuntu 4.4.0-14.160-generic 4.4.140)
[    .000000] Comand line: BOOT_IMAGE=/boot/vmlinuz-.4.0-134-generic root=LABEL=cloudimg-ootfs ro console=tty1 console=ttS0
[    0.000000] KERNEL spported cpus:
[    0.000000]   ntel GenuieIntel
[    0.00000]   AMD AuthenticAMD
[    0.00000]  Centau CentaurHauls
[    0.000000] x86/fpu: xstate_offset[2]:  576, xstatesize[2]:  256
[    0.000000 x86/fpu: Supporting XSAVE feature 0x01: 'x87 floating point registers'
[    0.000000] x86/fpu: Supporting XSAVE feature 0x02: 'SSE registers'
[    0.000000] x86/fpu: Supporting XSAVE feature 0x04: 'AVX registers'
[    0.000000] x86/fpu: Enabled xstat features 0x7, context size is 832 bytes, using 'standard' format.
[    0.000000] e80: BIOS-provided physcal RAM map:
[    0000000] BIOS-e80: [mem 0x0000000000000000-0x000000000009fbff] usable
[    0.000000] BIOS-e820: [mem 0x000000000009fc00-0x000000000009ffff] reserved
[    0.000000] BIOS-e820: [mem 0x00000000000f0000-0x00000000000fffff] reserved
[    0.000000] BIOS-e820: [mem 0x0000000000100000-0x000000003ffeffff] sable
    0.000000] BIOS-e820: [mem 0x000000003fff0000-0x000000003fffffff] ACPI data
[    0.000000] BIOS-e820: [mem 0x00000000fec00000-0x00000000fec00fff] reserved
[    0.000000] BIOS-e820: [mem 0x00000000fee00000-0x00000000fee00fff] reserved
[    0.000000] BIOS-e820: [mem 000000000fffc0000-0x00000000ffffffff] reserved
[    0.000000] NX (Execute Disable) protecion: active
[    0.00000] SMBIOS 2.5 present.
[    0.000000] Hypervisor deteted: KV
[    0.000000] e820: last_pfn = 0x3fff0 maxarch_fn = 0x400000000
[    0.000000] MTRR: Disabled
[    0.000000] x86/PAT MTRRs disabled, skipping PAT initalization too.
[    0.000000] CPU MTRRs all blank - virtualized system
[    0.00000] x86/PAT: Configuration [0-7]: WB  WT  UC- UC  WB  WT  UC- UC  
[    0.000000] found SMP MP-table t [mem 0x009fff0-x0009ffff] mapped at [ffff8800009ff0]
    0.000000] Scanning 1 areas for low memory corruption
[    0.000000] RAMDISK: [mem 0x3630c000-0x3717dfff]
[    0.000000] ACPI: Early table checksum verification disabled
[    0.000000] ACPI: RSDP 0x00000000000E0000 000024 (v02 VBOX  )
[    0.000000] ACPI: XSDT 0x000000003FFF0030 00003C (v01 VBOX   VBOXXSDT 00000001 ASL  00000061)
[    0.000000] ACPI: FACP 0x000000003FFF00F0 0000F4 (v04 VBOX   VBOXFACP 00000001 ASL  00000061)
[    0.000000] ACPI: DSDT 0x000000003FFF0470 0021FF (v02 VBOX   VBOXBIOS 00000002 INTL 20100528)
[    0.000000] ACPI: FACS 0x000000003FFF0200 000040
[    0.000000] ACPI: FACS 0x000000003FFF0200 000040
[    0.000000] ACPI: APC 0x000000003FF0240 00005C (v2 VBOX   VBOXAPIC 00000001 ASL  00000061)
[   0.000000] ACPI: SSDT 0x000000003FFF0A0 0001CC (v01 VBOX   VBOXCPUT 00000002 INTL 2100528)
    0.000000] No NUMA configuration found
[    0.000000] Faking a node t [mem 0x000000000000000-0x000000003ffeffff]
[    0.000000] NODE_DATA(0) allocated [mem 0x3ffeb000-0x3ffeffff]
[    0.000000] kvm-cock: Using msrs 4b564d01 and 4b564d00
[    0.000000] km-clock: cpu 0, msr 0:3ffe3001, primary cpu clok
[    .000000 kvm-clock: using sched offet of 8305335436 cycles
[    0.00000] clocksourc: kvm-clock: mask: 0xffffffffffffffff max_cycles: 0xx1cd42e4dffb, maxidle_ns: 881590591483 ns
[    0.000000]Zone ranges:
[    0.000000]   DMA      [mem 0x00000000000010000x0000000000ffffff]
[    0.000000]   DMA32  [mem 0x0000000001000000-x000000003ffeffff]
[    0.000000]   Normal   empty
[    0.000000]   Device   empty
[    0.000000] Movable zone start for each node
[    0.000000] Early memory node ranges
[    0.000000]   node   0: [mem 0x0000000000001000-0x000000000009efff]
[    0.000000]   node   0: [mem 0x0000000000100000-0x000000003ffeffff]
[    0.000000] Initmem setup node 0 [mem 0x0000000000001000-0x000000003ffeffff]
[    0.000000] ACPI: PM-Timer IO Port: 0x4008
[    0.000000] IOAPIC[0]: apic_id 2, version 32, address 0xfec00000, GSI 0-23
[    0.000000] ACPI: INT_SRC_OVR (bus 0 bus_irq  globa_irq 2 dfl dfl)
[    0.000000] ACPI:INT_SRC_OVR (bs 0 bs_irq 9 global_irq 9 low level)
[    0.000000] Using ACPI (MADT) for SMP configuraion information
[  0.000000] smpboot: Allowing 2 CPUs, 0 hotplug CPUs
[    0.000000] PM: Registered nosave memory: [mem 0x0000000-0x00000fff]
[    0.000000] PM: Registered nosave memory: [mem 0x0009f000-0x0009ffff]
[    0.000000] PM: Registered nosave memory: [mem 0x000a0000-0x000effff]
[    0.000000] PM: Registered nosave memory: [mem 0x000f0000-0x000fffff]
[    0.000000] e820: [mem 0x40000000-0xfebffff] available for PCI devices
[    0.000000] Booting paravrtualizd kernel on KVM
[    0.000000] clocksource: refined-jiffies: mask: 0xffffffff max_cycles: 0xffffffff, max_idle_ns: 7645519600211568 ns
[    0.000000] setup_percpu NR_CPUS:512 r_cpumask_bits:512 nr_cpu_ids:2 nr_node_ids:1
[    0.000000] PERCPU: Embedded 34 pages/cpu @ffff88003fc00000 s99544 r8192d31528 u1048576
[    0.000000] PV qspinlock hash table entris: 25(order: 0, 4096 bytes)
[    0.000000] Built 1 zonelists in Node orde, mobility grouping on.  otal paes: 257912
[    0.000000] Policy zone: DMA32
[    0.000000] Kernel command line: BOOT_IMAGE=/boot/vmlinuz-4.4.0-134-generic oot=LABEL=cloudimg-rootfs ro console=tty1 consol=ttyS0
[    0.000000] PI hash table entres: 409 (order: 3, 32768 bytes)
[    0.000000] Memory: 997724K/1048120K available (8554K kernel cod, 1314K rwdat, 4004K rodata, 1516K init, 1316K bs, 50396K resrved, 0K cmareserve)
[    0.000000] SLUB: HWalign=64, Order=0-3, MinObjects=0, CPUs=2, Nodes=1
[    0.000000] Kernel/User page tables isolation: enabled
[    0.000000] Hierarchical RCU implementation.
[    0.000000] 	Build-time adjustment of leaf fanout to 64.
[    0.000000] 	RCU restrictting CPUs from NR_CPUS=512 to nr_cpu_ids=2.
[    0.000000] RCU: Adjusting geometry for rcu_fanout_leaf=64, nr_cpu_ids=2
[    0.000000] NR_IRQS:33024 nr_irqs:440 16
[    0.000000] Console: colour VGA+ 80x25
[    0.000000] console [tty1] enabled
[    0.000000] console [ttyS0] enabled
[    0.000000] tsc: Detected 1600.000 MHz processor
[    2.15604] Calibrating delay loop (skipped) preset value.. 3200.00 BogoMIPS (lpj=6400000)
[    2.191534] pid_max: default: 32768 minimum: 301
[    2.225004] ACPI: Core revision 20150930
[    2.255263] ACPI: 2 ACPI AML tables successfully acquired and loaded
[    2.287420] Security Framework initialized
[    2.319994] Yama: becoming mindful.
[    2.333003] AppArmor: AppArmor initialized
[    2.336527] Dentry cache hash table entries: 131072 (order: 8, 1048576 bytes)
[    2.342476] Inode-cache hash table entries: 65536 (order: 7, 524288 bytes)
[    2.357018] Mount-cache hash table entries: 2048 (order: 2, 16384 bytes)
[    2.361481] Mountpoint-cache hash table entries: 2048 (order: 2, 16384 bytes)
[    2.369060] Initializing cgroup subsys io
[    2.370731] Initializing cgroup subsys memory
[    2.373507] Initializing cgroup subsys devices
[    2.375779] Initializing cgroup subsys freezer
[    2.377833] Initializing cgroup subsys net_cls
[    2.379954] Initializing cgroup subsys perf_event
[    2.382358] Initializing cgroup subsys net_prio
[    2.385004] Initializing cgroup subsys hugetlb
[    2.387084] Initializing cgroup subsys pids
[    2.393593] mce: CPU supports 0 MCE banks
[    2.395696] Last level iTLB entries: 4KB 64, 2MB 8, 4MB 8
[    2.398695] Last level dTLB entries: 4KB 64, 2MB 0, 4MB 0, 1GB 4
[    2.417382] Spectre V2 : Mitigation: Full generic retpoline
[    2.428187] Spectre V2 : Speculation control IBPB not-supported IBRS not-supported
[    2.431314] Speculative Store Bypass: Vulnerable
[    2.439320] Freeing SMP alternatives memory: 32K
[    2.450375] ftrace: allocating 32266 entries in 127 pages
[    2.519863] smpboot: APIC(0) Converting physical 0 to logical package 0
[    2.522748] smpboot: Max logical packages: 1
[    2.532153] x2apic enabled
[    2.540676] Switched APIC routing to physical x2apic.
[    2.544397] ..TIMER: vector=0x30 apic1=0 pin1=2 apic2=-1 pin2=-1
[    2.655596] smpboot: CPU0: Intel(R) Core(TM) i5-5250U CPU @ 1.60GHz (family: 0x6, model: 0x3d, stepping: 0x4)
[    2.682096] Performance Events: unsupported p6 CPU model 61 no PMU driver, software events only.
[    2.696449] KVM setup paravirtual spinlock
[    2.705068] x86: Booting SMP configuration:
[    2.709648] .... node  #0, CPUs:      #1
[    2.712205] kvm-clock: cpu 1, msr 0:3ffe3041, secondary cpu clock
[    2.715162] mce: CPU supports 0 MCE banks
[    2.720819] x86: Booted up 1 node, 2 CPUs
[    2.731806] smpboot: Total of 2 processors activated (6400.00 BogoMIPS)
[    2.741383] devtmpfs: initialized
[    2.750061] evm: security.selinux
[    2.751695] evm: security.SMACK64
[    2.758683] evm: security.SMACK64EXEC
[    2.767638] evm: security.SMACK64TRANSMUTE
[    2.772386] evm: security.SMACK64MMAP
[    2.774397] evm: security.ima
[    2.778011] evm: security.capability
[    2.780226] clocksource: jiffies: mask: 0xffffffff max_cycles: 0xffffffff, max_idle_ns: 7645041785100000 ns
[    2.796076] futex hash table entries: 512 (order: 3, 32768 bytes)
[    2.803954] pinctrl core: initialized pinctrl subsystem
[    2.817723] RTC time: 15:08:02, date: 09/25/18
[    2.822694] NET: Registered protocol family 16
[    2.835412] cpuidle: using governor ladder
[    2.855755] cpuidle: using governor menu
[    2.860327] PCCT header not found.
[    2.867535] ACPI: bus type PCI registered
[    2.872859] acpiphp: ACPI Hot Plug PCI Controller Driver version: 0.5
[    2.875791] PCI: Using configuration type 1 for base access
[    2.892407] ACPI: Added _OSI(Module Device)
[    2.899288] ACPI: Added _OSI(Processor Device)
[    2.903769] ACPI: Added _OSI(3.0 _SCP Extensions)
[    2.909008] ACPI: Added _OSI(Processor Aggregator Device)
[    2.918356] ACPI: Executed 1 blocks of module-level executable AML code
[    2.925049] ACPI: Interpreter enabled
[    2.926792] ACPI: (supports S0 S5)
[    2.931352] ACPI: Using IOAPIC for interrupt routing
[    2.933674] PCI: Using host bridge windows from ACPI; if necessary, use "pci=nocrs" and report a bug
[    2.947403] ACPI: PCI Root Bridge [PCI0] (domain 0000 [bus 00-ff])
[    2.956946] acpi PNP0A03:00: _OSC: OS supports [ASPM ClockPM Segments MSI]
[    2.964922] acpi PNP0A03:00: _OSC: not requesting OS control; OS requires [ExtendedConfig ASPM ClockPM MSI]
[    2.981442] acpi PNP0A03:00: fail to add MMCONFIG information, can't access extended PCI configuration space under this bridge.
[    3.005562] PCI host bridge to bus 0000:00
[    3.014198] pci_bus 0000:00: root bus resource [io  0x0000-0x0cf7 window]
[    3.021316] pci_bus 0000:00: root bus resource [io  0x0d00-0xffff window]
[    3.034394] pci_bus 0000:00: root bus resource [mem 0x000a0000-0x000bffff window]
[    3.042463] pci_bus 0000:00: root bus resource [mem 0x40000000-0xfdffffff window]
[    3.053875] pci_bus 0000:00: root bus resource [bus 00-ff]
[    3.066678] pci 0000:00:01.1: legacy IDE quirk: reg 0x10: [io  0x01f0-0x01f7]
[    3.076777] pci 0000:00:01.1: legacy IDE quirk: reg 0x14: [io  0x03f6]
[    3.087797] pci 0000:00:01.1: legacy IDE quirk: reg 0x18: [io  0x0170-0x0177]
[    3.099373] pci 0000:00:01.1: legacy IDE quirk: reg 0x1c: [io  0x0376]
[    3.130935] pci 0000:00:07.0: quirk: [io  0x4000-0x403f] claimed by PIIX4 ACPI
[    3.148863] pci 0000:00:07.0: quirk: [io  0x4100-0x410f] claimed by PIIX4 SMB
[    3.179649] ACPI: PCI Interrupt Link [LNKA] (IRQs 5 9 10 *11)
[    3.189204] ACPI: PCI Interrupt Link [LNKB] (IRQs 5 9 *10 11)
[    3.194198] ACPI: PCI Interrupt Link [LNKC] (IRQs 5 *9 10 11)
[    3.199011] ACPI: PCI Interrupt Link [LNKD] (IRQs 5 9 10 *11)
[    3.202871] ACPI: Enabled 2 GPEs in block 00 to 07
[    3.208742] vgaarb: setting as boot device: PCI:0000:00:02.0
[    3.221212] vgaarb: device added: PCI:0000:00:02.0,decodes=io+mem,owns=io+mem,locks=none
[    3.237548] vgaarb: loaded
[    3.244567] vgaarb: bridge control possible 0000:00:02.0
[    3.254361] SCSI subsystem initialized
[    3.261203] ACPI: bus type USB registered
[    3.268525] usbcore: registered new interface driver usbfs
[    3.275044] usbcore: registered new interface driver hub
[    3.284473] usbcore: registered new device driver usb
[    3.289756] PCI: Using ACPI for IRQ routing
[    3.292291] NetLabel: Initializing
[    3.293757] NetLabel:  domain hash size = 128
[    3.295554] NetLabel:  protocols = UNLABELED CIPSOv4
[    3.297830] NetLabel:  unlabeled traffic allowed by default
[    3.300280] amd_nb: Cannot enumerate AMD northbridges
[    3.302360] clocksource: Switched to clocksource kvm-clock
[    3.317236] AppArmor: AppArmor Filesystem Enabled
[    3.319740] pnp: PnP ACPI init
[    3.325968] pnp: PnP ACPI: found 3 devices
[    3.337140] clocksource: acpi_pm: mask: 0xffffff max_cycles: 0xffffff, max_idle_ns: 2085701024 ns
[    3.348487] NET: Registered protocol family 2
[    3.352101] TCP established hash table entries: 8192 (order: 4, 65536 bytes)
[    3.359032] TCP bind hash table entries: 8192 (order: 5, 131072 bytes)
[    3.374563] TCP: Hash tables configured (established 8192 bind 8192)
[    3.379196] UDP hash table entries: 512 (order: 2, 16384 bytes)
[    3.383836] UDP-Lite hash table entries: 512 (order: 2, 16384 bytes)
[    3.396299] NET: Registered protocol family 1
[    3.404152] pci 0000:00:00.0: Limiting direct PCI/PCI transfers
[    3.416035] pci 0000:00:01.0: Activating ISA DMA hang workarounds
[    3.421830] Unpacking initramfs...
[    3.705345] Freeing initrd memory: 14792K
[    3.720771] RAPL PMU detected, API unit is 2^-32 Joules, 4 fixed counters 10737418240 ms ovfl timer
[    3.729821] hw unit of domain pp0-core 2^-0 Joules
[    3.738672] hw unit of domain package 2^-0 Joules
[    3.756042] hw unit of domain dram 2^-0 Joules
[    3.777484] hw unit of domain pp1-gpu 2^-0 Joules
[    3.780221] platform rtc_cmos: registered platform RTC device (no PNP device found)
[    3.798992] Scanning for low memory corruption every 60 seconds
[    3.819218] audit: initializing netlink subsys (disabled)
[    3.823944] audit: type=2000 audit(1537888090.326:1): initialized
[    3.839405] Initialise system trusted keyring
[    3.847585] HugeTLB registered 2 MB page size, pre-allocated 0 pages
[    3.852250] zbud: loaded
[    3.857110] VFS: Disk quotas dquot_6.6.0
[    3.863576] VFS: Dquot-cache hash table entries: 512 (order 0, 4096 bytes)
[    3.879401] squashfs: version 4.0 (2009/01/31) Phillip Lougher
[    3.889383] fuse init (API version 7.23)
[    3.903727] Key type big_key registered
[    3.916369] Allocating IMA MOK and blacklist keyrings.
[    3.934439] Key type asymmetric registered
[    3.935992] Asymmetric key parser 'x509' registered
[    3.937815] Block layer SCSI generic (bsg) driver version 0.4 loaded (major 249)
[    3.941696] io scheduler noop registered
[    3.943249] io scheduler deadline registered (default)
[    3.945108] io scheduler cfq registered
[    3.946627] pci_hotplug: PCI Hot Plug PCI Core version: 0.5
[    3.948926] pciehp: PCI Express Hot Plug Controller Driver version: 0.4
[    3.954585] ACPI: AC Adapter [AC] (on-line)
[    3.956895] input: Power Button as /devices/LNXSYSTM:00/LNXPWRBN:00/input/input0
[    3.972547] ACPI: Power Button [PWRF]
[    3.976877] input: Sleep Button as /devices/LNXSYSTM:00/LNXSLPBN:00/input/input1
[    4.005646] ACPI: Sleep Button [SLPF]
[    4.015448] GHES: HEST is not enabled!
[    4.017026] ACPI: Battery Slot [BAT0] (battery present)
[    4.036949] Serial: 8250/16550 driver, 32 ports, IRQ sharing enabled
[    4.072031] 00:02: ttyS0 at I/O 0x3f8 (irq = 4, base_baud = 115200) is a 16550A
[    4.082666] Linux agpgart interface v0.103
[    4.087199] loop: module loaded
[    4.091394] scsi host0: ata_piix
[    4.093247] scsi host1: ata_piix
[    4.094944] ata1: PATA max UDMA/33 cmd 0x1f0 ctl 0x3f6 bmdma 0xd000 irq 14
[    4.104222] ata2: PATA max UDMA/33 cmd 0x170 ctl 0x376 bmdma 0xd008 irq 15
[    4.108863] libphy: Fixed MDIO Bus: probed
[    4.126843] tun: Universal TUN/TAP device driver, 1.6
[    4.141294] tun: (C) 1999-2004 Max Krasnyansky <maxk@qualcomm.com>
[    4.153620] PPP generic driver version 2.4.2
[    4.157262] ehci_hcd: USB 2.0 'Enhanced' Host Controller (EHCI) Driver
[    4.170798] ehci-pci: EHCI PCI platform driver
[    4.176115] ehci-platform: EHCI generic platform driver
[    4.184538] ohci_hcd: USB 1.1 'Open' Host Controller (OHCI) Driver
[    4.190429] ohci-pci: OHCI PCI platform driver
[    4.198789] ohci-platform: OHCI generic platform driver
[    4.206890] uhci_hcd: USB Universal Host Controller Interface driver
[    4.228102] i8042: PNP: PS/2 Controller [PNP0303:PS2K,PNP0f03:PS2M] at 0x60,0x64 irq 1,12
[    4.246420] serio: i8042 KBD port at 0x60,0x64 irq 1
[    4.263920] serio: i8042 AUX port at 0x60,0x64 irq 12
[    4.273782] mousedev: PS/2 mouse device common for all mice
[    4.280663] rtc_cmos rtc_cmos: rtc core: registered rtc_cmos as rtc0
[    4.305533] rtc_cmos rtc_cmos: alarms up to one day, 114 bytes nvram
[    4.320496] input: AT Translated Set 2 keyboard as /devices/platform/i8042/serio0/input/input2
[    4.340396] i2c /dev entries driver
[    4.350730] device-mapper: uevent: version 1.0.3
[    4.358025] device-mapper: ioctl: 4.34.0-octl (2015-1028) initialised: dm-devel@redhat.com
[    4.412899] ledtrig-pu: registered to indicate activity on CPUs

[    4.442147] NET: Registered protocol family 10
[    4.444495] NET: Registered protocol family 17
[    4.446750] Key type dns_resolver registered
[    4.449366] registered taskstats version 1
[    4.451256] Loading compiled-in X.509 certificates
[    4.453823] Loaded X.509 cert 'Build time autogenerated kernel key: 4eb3d024ac16f76c1747ffd474694c84db21038b'
[    4.458972] zswap: loaded using pool lzo/zbud
[    4.463972] Key type trusted registered
[    4.471065] Key type encrypted registered
[    4.478910] AppArmor: AppArmor sha1 policy hashing enabled
[    4.481585] ima: No TPM chip found, activating TPM-bypass!
[    4.485152] ima: Allocated hash algorithm: sha1
[    4.493972] evm: HMAC attrs: 0x1
[    4.49156]  Magic number:2:55:134
[    4.644134] pci 0000:00:03.0: hash matches

[    4.646461] rtc_cmos rtc_cmos: setting sysem clock to 2018-09-25 15:08:03 UTC (1537888083)
[    4.688168] BIOS EDD facility v0.16 2004-Jun-25, 0 devices found
[    4.691396] EDD information not available.
[    4.695287] Freeing unused kernel memory: 1516K
[    4.775179] Write protecting the kernel read-only data: 14336k
[    4.778467] tsc: Refined TSC clocksource calibration: 1600.109 MHz
[    4.778470] clocksource: tsc: mask: 0xffffffffffffffff max_cycles: 0x17108bd5a9b, max_idle_ns: 440795207232 ns
[    5.789504] Freeing unused kernel memory: 1672K
[    5.798187] Freeing unused kernel memory: 92K
Loading, please wait...
starting version 229
[    5.829032] random: systemd-udevd: uninitialized urandom read (16 bytes read, 7 bits of entropy available)
[    5.830069] random: udevadm: uninitialized urandom read (16 bytes read, 7 bits of entropy available)
[    5.830110] random: udevadm: uninitialized urandom read (16 bytes read, 7 bits of entropy available)
[    5.842662] random: udevadm: uninitialized urandom read (16 bytes read, 7 bits of entropy available)
[    5.842718] random: udevadm: uninitialized urandom read (16 bytes read, 7 bits of entropy available)
[    5.842874] random: udevadm: uninitialized urandom read (16 bytes read, 7 bits of entropy available)
[    5.842931] random: udevadm: uninitialized urandom read (16 bytes read, 7 bits of entropy available)
[    5.842986] random: udevadm: uninitialized urandom read (16 bytes read, 7 bits of entropy available)
[    5.843039] random: udevadm: uninitialized urandom read (16 bytes read, 7 bits of entropy available)
[    5.843092] random: udevadm: uninitialized urandom read (16 bytes read, 7 bits of entropy available)
[    5.966246] Fusion MPT base driver 3.04.20
[    5.968472] Copyright (c) 1999-2008 LSI Corporation
[    6.005540] e1000: Intel(R) PRO/1000 Network Driver - version 7.3.21-k8-NAPI
[    6.010073] e1000: Copyright (c) 1999-2006 Intel Corporation.
[    6.037270] Fusion MPT SPI Host driver 3.04.20
[    6.049892] AVX2 version of gcm_enc/dec engaged.
[    6.052209] AES CTR mode by8 optimization enabled
[    6.199239] input: ImExPS/2 Generic Explorer Mouse as /devices/platform/i8042/serio1/input/input4
[    6.478509] e1000 0000:00:03.0 eth0: (PCI:33MHz:32-bit) 02:1d:76:b3:3c:fe
[    6.483763] e1000 0000:00:03.0 eth0: Intel(R) PRO/1000 Network Connection
[    6.966540] e1000 0000:00:08.0 eth1: (PCI:33MHz:32-bit) 08:00:27:e9:47:f3
[    6.984528] e1000 0000:00:08.0 eth1: Intel(R) PRO/1000 Network Connection
[    6.997143] mptbase: ioc0: Initiating bringup
[    6.998309] e1000 0000:00:08.0 enp0s8: renamed from eth1
[    7.011394] e1000 0000:00:03.0 enp0s3: renamed from eth0
[    7.410883] ioc0: LSI53C1030 A0: Capabilities={Initiator}
[    8.573943] scsi host2: ioc0: LSI53C1030 A0, FwRev=00000000h, Ports=1, MaxQ=256, IRQ=20
[    9.488676] scsi 2:0:0:0: Direct-Access     VBOX     HARDDISK         1.0  PQ: 0 ANSI: 5
[    9.713721] scsi target2:0:0: Beginning Domain Validation
[   10.072012] scsi target2:0:0: Domain Validation skipping write tests
[   10.576441] scsi target2:0:0: Ending Domain Validation
[   10.587726] scsi target2:0:0: asynchronous
[   10.591665] scsi 2:0:1:0: Direct-Access     VBOX     HARDDISK         1.0  PQ: 0 ANSI: 5
[   10.602416] scsi target2:0:1: Beginning Domain Validation
[   10.614206] scsi target2:0:1: Domain Validation skipping write tests
[   10.617163] scsi target2:0:1: Ending Domain Validation
[   10.686783] scsi target2:0:1: asynchronous
[   10.791229] sd 2:0:0:0: Attached scsi generic sg0 type 0
[   10.793337] sd 2:0:0:0: [sda] 20971520 512-byte logical blocks: (10.7 GB/10.0 GiB)
[   10.797045] sd 2:0:1:0: [sdb] 20480 512-byte logical blocks: (10.5 MB/10.0 MiB)
[   10.797326] sd 2:0:1:0: Attached scsi generic sg1 type 0
[   10.814963] sd 2:0:0:0: [sda] Write Protect is off
[   10.815698] sd 2:0:0:0: [sda] Incomplete mode parameter data
[   10.815748] sd 2:0:0:0: [sda] Assuming drive cache: write through
[   10.820127]  sda: sda1
[   10.821596] sd 2:0:0:0: [sda] Attached SCSI disk
[   10.873547] sd 2:0:1:0: [sdb] Write Protect is off
[   10.879495] sd 2:0:1:0: [sdb] Incomplete mode parameter data
[   10.884900] sd 2:0:1:0: [sdb] Assuming drive cache: write through
[   10.903229] sd 2:0:1:0: [sdb] Attached SCSI disk
Begin: Loading essential drivers ... [   12.351861] md: linear personality registered for level -1
[   12.356933] md: multipath personality registered for level -4
[   12.362666] md: raid0 personality registered for level 0
[   12.368130] md: raid1 personality registered for level 1
[   12.442583] raid6: sse2x1   gen()  8120 MB/s
[   12.510675] raid6: sse2x1   xor()  4360 MB/s
[   12.582518] raid6: sse2x2   gen()  4367 MB/s
[   12.650859] raid6: sse2x2   xor()  6227 MB/s
[   12.730876] raid6: sse2x4   gen() 11188 MB/s
[   12.820710] raid6: sse2x4   xor()  8020 MB/s
[   12.894788] raid6: avx2x1   gen() 15537 MB/s
[   12.963967] raid6: avx2x2   gen() 18787 MB/s
[   13.034376] raid6: avx2x4   gen() 20370 MB/s
[   13.036555] raid6: using algorithm avx2x4 gen() 20370 MB/s
[   13.057534] raid6: using avx2x2 recovery algorithm
[   13.065937] xor: automatically using best checksumming function:
[   13.110579]    avx       : 23958.000 MB/sec
[   13.120096] async_tx: api initialized (async)
[   13.138538] md: raid6 personality registered for level 6
[   13.140815] md: raid5 personality registered for level 5
[   13.158445] md: raid4 personality registered for level 4
[   13.169194] md: raid10 personality registered for level 10
done.
Begin: Running /scripts/init-premount ... done.
Begin: Mounting root file system ... Begin: Running /scripts/local-top ... done.
Begin: Running /scripts/local-premount ... [   13.212389] Btrfs loaded
Scanning for Btrfs filesystems
done.
Warning: fsck not present, so skipping root file system
[   13.302965] EXT4-fs (sda1): mounted filesystem with ordered data mode. Opts: (null)
done.
Begin: Running /scripts/local-bottom ... done.
Begin: Running /scripts/init-bottom ... done.
[   13.748173] systemd[1]: systemd 229 running in system mode. (+PAM +AUIT +SELNUX +IMA +APPARMOR +SMACK +SYSVINIT +UTMP +LIBCRYPTETUP +GCRYP +GNUTLS +ACL +XZ -LZ4 +SECCOMP BLKID +ELFTILS +KMOD -IDN)
[   13.967254]systemd1]: Detected virtualization oracle.
[   14.02062] systemd[1]: Detected architecture x86-64.

Welcome to [1mUbuntu 16.04.5 LTS[0m!

[   14.580452] systemd[1]: Set hostname to <ubuntu>.
[   4.591448 systemd[1: Initializing machine ID from random generator.

[   14.671737] systemd[1]: Installed transient /etc/machine-id file.
[   15.562142] systemd[1]: Reached target User and Group Name Lookups.
[[0;32m  OK  [0m] Reached target User and Group Name Lookups.
[   15.683987] systemd[1]: Crated slice User and Session Slice.
[[0;32m  OK  [0m] Created slice User and Session Slice.
[   15.79766] systemd[1]: Creaed slce Sstem Slice.
[[0;32m  OK  [0m] Created slice System Slice.
[   16.577652] systemd[1]: Listening on LVM2 poll daemon socket.
[[0;32m  OK  [0m] Listening on LVM2 poll daemon socket.
[   16.585124] systemd[1]: Started Forward Password Requests to Wall Directory Watch.
[[0;32m  OK  [0m] Started Forward Password Requests to Wall Directory Watch.
[   16.699473] systemd[1]: Set up automount Arbitrary Executable File Formats File System Automount Poit.
[[0;32m  OK  [0m] Set up automount Arbitrary Executab...ats File System Automount Point.
[   16.781230] systemd[1]: Created slice system-serial\x2dgetty.slice.
[[0;32m  OK  [0m] Created slice system-serial\x2dgetty.slice.
[   17.576250] systemd[1]: Reached target Swap.
[   17.579637] random: nonblocking pool is initialized
[[0;32m  OK  [0m] Reached target Swap.
[   17.5896] systemd[1]: Listening on LVM2 metadata daemon socket.
[[0;32m  OK  [0m] Listening on LVM2 metadata daemon socket.
[   17.689699] systemd[1]: Listening on Journal Audit Socket.
[[0;32m  OK  [0m] Listening on Journal Audit Socket.
[   17.748172] systemd[1]: Reched target Encrypted Voluumes.
[[0;32m  OK  [0m] Reached target Encrypted Volumes.
[  7.785713] systemd[1]: Listening on udev Control Scket.
[[0;32m  OK  [0m] Listening on udev Control Socket.
[   17.868734] systemd[1]: Listening on udev Kernel Socket.
[[0;32m  OK  [0m] Listening on udev Kernel Socket.
[   18.558248] systemd[1]: Reached target Slices.
[[0;32m  OK  [0m] Reached target Slices.
[   18.581029] systemd[1]: Listeningon Journal Sockt.
[[0;32m  OK  [0m] Listening on Journal Socket.

[   18.658740] systemd[1]: Starting Remount Root and Kernel File Systems...
         Starting Remount Root and Kernel File Systems...
[   18.670267] systemd[1]: Mounting Huge Pages File System...
         Mounting Huge Pages File System...
[   18.686089] EXT4-fs (sda1): re-mounted. Opts: (null)
[   18.693287] systemd[1]: Starting Uncomplicated firewall...
         Starting Uncomplicated firewall...
[   18.727678] systemd[1]: Starting Nameserver information manager...
         Starting Nameserver information manager...
[   18.747597] systemd[1]: Mounting Debug File System...
         Mounting Debug File System...
[   18.754533] systemd[1]: Starting Set console keymap...
         Starting Set console keymap...
[   18.775666] systemd[1]: Starting Create list of required static device nodes for the current kernel...
         Starting Create list of required st... nodes for the current kernel...
[   18.789416] systemd[1]: Mounting POSIX Message Queue File System...
         Mounting POSIX Message Queue File System...
[   18.807350] systemd[1]: Listening on Journal Socket (/dev/log).
[[0;32m  OK  [0m] Listening on Journal Socket (/dev/log).
[   18.822174] systemd[1]: Listening on /dev/initctl Compatibility Named Pipe.
[[0;32m  OK  [0m] Listening on /dev/initctl Compatibility Named Pipe.
[   18.830684] systemd[1]: Started Trigger resolvconf update for networkd DNS.
[[0;32m  OK  [0m] Started Trigger resolvconf update for networkd DNS.
[   18.859302] systemd[1]: Starting Load Kernel Modules...
         Starting Load Kernel Modules...
[   18.879714] systemd[1]: Listening on Device-mapper event daemon FIFOs.
[   18.889274] Loading iSCSI transport class v2.0-870.
[[0;32m  OK  [0m] Listening on Device-mapper event daemon FIFOs.
[   18.907052] systemd[1]: Starting Monitoring of LVM2 mirrors, snapshots etc. using dmeventd or progress polling...
[   18.917916] iscsi: registered transport (tcp)
         Starting Monitoring of LVM2 mirrors... dmeventd or progress polling...
[   18.923837] systemd[1]: Listening on Syslog Socket.
[[0;32m  OK  [0m] Listening on Syslog Socket.
[   18.933726] systemd[1]: Starting Journal Service...
         Starting Journal Service...
[   18.959505] systemd[1]: Reached target System Time Synchronized.
[[0;32m  OK  [0m] Reached target System Time Synchronized.
[   18.976882] systemd[1]: Mounted Debug File System.
[[0;32m  OK  [0m] Mounted Debug File System.
[   18.994871] systemd[1]: Mounted Huge Pages File System.
[[0;32m  OK  [0m] Mounted Huge Pages File System.
[   19.000017] systemd[1]: Mounted POSIX Message Queue File System.
[[0;32m  OK  [0m] Mounted POSIX Message Queue File System.
[   19.005807] systemd[1]: Started Remount Root and Kernel File Systems.
[[0;32m  OK  [0m] Started Remount Root and Kernel File Systems.
[   19.013445] systemd[1]: Started Uncomplicated firewall.
[[0;32m  OK  [0m] Started Uncomplicated firewall.
[   19.031608] systemd[1]: Started Set console keymap.
[   19.034435] iscsi: registered transport (iser)
[[0;32m  OK  [0m] Started Set console keymap.
[   19.039635] systemd[1]: Started Create list of required static device nodes for the current kernel.
[[0;32m  OK  [0m] Started Create list of required sta...ce nodes for the current kernel.
[   19.067801] systemd[1]: Started Load Kernel Modules.
[[0;32m  OK  [0m] Started Load Kernel Modules.
[   19.107206] sytemd[1]: Started ameserver infomation maage.

[[0;32m  OK  [0m] Started Nameserver information manager.
[   19.245943] systemd[1]: Started Journal Service.
[[0;32m  OK  [0m] Started Journal Service.
[[0;32m  OK  [0m] Started LVM2 metadata daemon.
         Mounting FUSE Control File System...
         Starting Apply Kernel Variables...
         Starting Create Static Device Nodes in /dev...
         Starting udev Coldplug all Devices...
         Starting Load/Save Random Seed...
         Starting Flush Journal to Persistent Storage...
[[0;32m  OK  [0m] Mounted FUSE Control File System.
[[0;32m  OK  [0m] Started Apply Kernel Variables.
[[0;32m  OK  [0m] Started Create Static Device Nodes in /dev.
[[0;32m  OK  [0m] Started Load/Save Random Seed.
[[0;32m  OK  [0m] Started udev Coldplug all Devices.
[[0;32m  OK  [0m] Started Flush Journal to Persistent Storage.
         Starting udev Kernel Device Manager...
[[0;32m  OK  [0m] Started Monitoring of LVM2 mirrors,...ng dmeventd or progress polling.
[[0;32m  OK  [0m] Started udev Kernel Device Manager.
[[0;32m  OK  [0m] Reached target Local File Systems (Pre).
[[0;32m  OK  [0m] Reached target Local File Systems.
         Starting Create Volatile Files and Directories...
         Starting Tell Plymouth To Write Out Runtime Data...
         Starting Set console font and keymap...
         Starting Initial cloud-init job (pre-networking)...
         Starting LSB: AppArmor initialization...
         Starting Commit a transient machine-id on disk...
[[0;32m  OK  [0m] Started Dispatch Password Requests to Console Directory Watch.
[[0;32m  OK  [0m] Started Create Volatile Files and Directories.
[[0;32m  OK  [0m] Started Tell Plymouth To Write Out Runtime Data.
[[0;32m  OK  [0m] Started Commit a transient machine-id on disk.
         Starting Update UTMP about System Boot/Shutdown...
[[0;32m  OK  [0m] Started Update UTMP about System Boot/Shutdown.
[[0;32m  OK  [0m] Found device /dev/ttyS0.
[[0;32m  OK  [0m] Listening on Load/Save RF Kill Switch Status /dev/rfkill Watch.
[[0;32m  OK  [0m] Started LSB: AppArmor initialization.
[[0;32m  OK  [0m] Started Set console font and keymap.
[[0;32m  OK  [0m] Created slice system-getty.slice.
[   19.589842] cloud-init[486]: Cloud-init v. 18.3-9-g2e62cb8a-0ubuntu1~16.04.2 running 'init-local' at Tue, 25 Sep 2018 15:08:20 +0000. Up 18.98 seconds.
[[0;32m  OK  [0m] Started Initial cloud-init job (pre-networking).
[[0;32m  OK  [0m] Reached target Network (Pre).
         Starting Raise network interfaces...
[[0;32m  OK  [0m] Started Raise network interfaces.
[[0;32m  OK  [0m] Reached target Network.
         Starting Initial cloud-init job (metadata service crawler)...
[   22.388553] cloud-init[940]: Cloud-init v. 18.3-9-g2e62cb8a-0ubuntu1~16.04.2 running 'init' at Tue, 25 Sep 2018 15:08:22 +0000. Up 20.80 seconds.
[   22.408767] cloud-init[940]: ci-info: ++++++++++++++++++++++++++++++++++++++Net device info+++++++++++++++++++++++++++++++++++++++
[   22.435342] cloud-init[940]: ci-info: +--------+-------+----------------------------+---------------+--------+-------------------+
[   22.445180] cloud-init[940]: ci-info: | Device |   Up  |          Address           |      Mask     | Scope  |     Hw-Address    |
[[0;32m  OK  [0m] Started Initial cloud-init job (metadata service crawler).
[   22.459693] cloud-init[940]: ci-info: +--------+-------+----------------------------+---------------+--------+-------------------+
[   22.489614] cloud-init[940]: ci-info: | enp0s3 |  True |         10.0.2.15          | 255.255.255.0 | global | 02:1d:76:b3:3c:fe |
[[   22.505239] cloud-init[940]: ci-info: | enp0s3 |  True | fe80::1d:76ff:feb3:3cfe/64 |       .       |  link  | 02:1d:76:b3:3c:fe |
[0;32m  OK  [0m] Reached target System Initialization.
[[0;32m  OK  [0m] Listening on ACPID Listen Socket.
[   22.506246] cloud-init[940]: ci-info: | enp0s8 | False |             .              |       .       |   .    | 08:00:27:e9:47:f3 |
[   22.568092] cloud-init[940]: ci-info: |   lo   |  True |         127.0.0.1          |   255.0.0.0   |  host  |         .         |
[   22.568880] cloud-init[940]: ci-info: |   lo   |  True |          ::1/128           |       .       |  host  |         .         |
[[0;32m  OK  [0m] Listening on D-Bus System Message Bus Socket.
[   22.571018] cloud-init[940]: ci-info: +--------+-------+----------------------------+---------------+--------+-------------------+
[[   22.716784] cloud-init[940]: ci-info: +++++++++++++++++++++++++++Route IPv4 info++++++++++++++++++++++++++++
[   22.718291] [0;32m  OK  [0mcloud-init] [940]: Started ACPI Events Check.ci-info: +-------+-------------+----------+---------------+-----------+-------+

[   22.719695] cloud-init[940]: ci-info: | Route | Destination | Gateway  |    Genmask    | Interface | Flags |
[   22.858112] cloud-init[940]: ci-info: +-------+-------------+----------+---------------+-----------+-------+
[[0;32m  OK  [0m] Reached target Paths.
[[   22.859587] cloud-init[940]: ci-info: |   0   |   0.0.0.0   | 10.0.2.2 |    0.0.0.0    |   enp0s3  |   UG  |
[   22.882550] cloud-init[940]: ci-info: |   1   |   10.0.2.0  | 0.0.0.0  | 255.255.255.0 |   enp0s3  |   U   |
[0;32m  OK  [0m] Listening on UUID daemon activation socket.
[[0;32m  OK  [0m[   22.884204] ] cloud-initStarted Daily apt download activities.[940]: 
ci-info: +-------+-------------+----------+---------------+-----------+-------+
[[   22.906254] cloud-init[940]: ci-info: +++++++++++++++++++Route IPv6 info+++++++++++++++++++
[   22.965585] cloud-init[940]: ci-info: +-------+-------------+---------+-----------+-------+
[   22.967525] cloud-init[940]: ci-info: | Route | Destination | Gateway | Interface | Flags |
[   22.969277] cloud-init[940]: ci-info: +-------+-------------+---------+-----------+-------+
[   22.970185] cloud-init[940]: ci-info: |   0   |  fe80::/64  |    ::   |   enp0s3  |   U   |
[0;32m  OK  [0m] Started Daily apt upgrade and clean activities.
[   22.973873] cloud-init[940]: ci-info: |   3   |   ff00::/8  |    ::   |   enp0s3  |   U   |
[   23.011365] cloud-init[940]: ci-info: +-------+-------------+---------+-----------+-------+
[   23.013917] cloud-init[940]: Generating public/private rsa key pair.
[   23.015103] cloud-init[940]: Your identification has been saved in /etc/ssh/ssh_host_rsa_key.
[   23.018286] cloud-init[940]: Your public key has been saved in /etc/ssh/ssh_host_rsa_key.pub.
[   23.019677] cloud-init[940]: The key fingerprint is:
[   23.022650] cloud-init[940]: SHA256:QLOeP20pcfOhw0r5gGbEgfi0XgLITVTqOrVahEZH+s4 root@ubuntu-xenial
[   23.024400] cloud-init[940]: The key's randomart image is:
[   23.030812] cloud-init[940]: +---[RSA 2048]----+
[   23.041041] cloud-init[940]: |  .+..o          |
[[0;32m  OK  [0m] Started Daily Cleanup of Temporary Directories.
[   23.041325] cloud-init[940]: |..=..o o         |
[   23.041661] cloud-init[940]: |.+o+o +          |
[   23.117645] cloud-init[940]: |. =+ + +         |
[   23.120167] cloud-init[940]: | o =+ * S o .    |
[   23.121419] cloud-init[940]: |. *..+ o * = .   |
[   23.122625] cloud-init[940]: | o E. + B B .    |
[[0;32m  OK  [0m] Reached target Timers.
[   23.123082] cloud-init[940]: |  +  o . B .     |
         [   23.161536] Starting Socket activation for snappy daemon.cloud-init
[940]: | .      . .      |
         Starting LXD - unix socket.
[   23.178111] cloud-init[940]: +----[SHA256]-----+
[   23.196946] cloud-init[940]: Generating public/private dsa key pair.
[   23.198305] [cloud-init[0;32m  OK  [0m[940]: Your identification has been saved in /etc/ssh/ssh_host_dsa_key.
] Reached target Network is Online.
[   23.199215] cloud-init[940]: Your public key has been saved in /etc/ssh/ssh_host_dsa_key.pub.
[   23.230670] cloud-init[940]: The key fingerprint is:
[   23.235453] cloud-init[940]: SHA256:+Th8h5B37yVh/PdSrlE/zFCCpbsGcsmJujxAd50wyGo root@ubuntu-xenial
[   23.267145] cloud-init[940]: The key's randomart image is:
[   23.267962] cloud-init[940]: +---[DSA 1024]----+
[   23.270973] cloud-init[940]: |    . .      .   |
         Starting iSCSI initiator daemon (iscsid)...
[   23.271580] cloud-init[940]: |     o o    +    |
[   23.286677] cloud-init[940]: |    .   + .o . . |
[   23.288237] cloud-init[940]: |   E . .o=o ..o  |
[[0;32m  OK  [0m] Reached target Cloud-config availability.
[   23.290543] cloud-init[940]: |  o . .oS*....+ .|
[[0;32m  OK  [0m[   23.312097] cloud-init[940]: |   .  ..o=.o.o++o|
[   23.315179] cloud-init[940]: |    ..  + +o. +*=|
] Listening on Socket activation for snappy daemon.
[   23.315976] cloud-init[940]: |    ...  o.. ..+=|
[[0;32m  OK  [0m] Listening on LXD - unix socket.
[   23.330113] cloud-init[940]: |     o.       oo.|
[   23.364882] cloud-init[940]: +----[SHA256]-----+
[[0;32m  OK  [0m] Reached target Sockets.
[[0;32m  OK  [0m] Reached target Basic System.
[   23.379626] cloud-init[940]: Generating public/private ecdsa key pair.
[   23.412405]          cloud-initStarting LXD - container startup/shutdown...[940]: 
Your identification has been saved in /etc/ssh/ssh_host_ecdsa_key.
[   23.434481]          Starting Pollinate to seed the pseudo random number generator...
[[0;32m  OK  [0m] Started Unattended Upgrades Shutdown.
cloud-init[940]: Your public key has been saved in /etc/ssh/ssh_host_ecdsa_key.pub.
[   23.444932] cloud-init[940]: The key fingerprint is:
[   23.448236] cloud-init[940]: SHA256:PjCCrTFsUlNPSo2Udn3kEkD/S32wYEIjsoBagM3wmPE root@ubuntu-xenial
[[0;32m  OK  [0m] Started ACPI event daemon.
[[0;32m  OK  [0m] Started D-Bus System Message Bus.
[   23.478462] cloud-init[940]: The key's randomart image is:
[   23.522558] cloud-init[940]: +---[ECDSA 256]---+
[   23.534056] cloud-init[940]: |=*..===o+..      |
[   23.560717] cloud-init[940]: |o*+++*o+.+.      |
[   23.594444] cloud-init[940]: |+.E.o.. +.+ .    |
[   23.603696] cloud-init[940]: |.o +     = o o   |
[   23.607428] cloud-init[940]: |. * o o S o o .  |
[   23.629605]          Starting Accounts Service...
[[0;32m  OK  [0m] Started Deferred execution scheduler.
cloud-init[940]: | o + . + . . .   |
[   23.641114]          cloud-initStarting Snappy daemon...[940]: 
|  .     o .      |
[   23.676639] cloud-init[940]: |         .       |
         Starting LSB: Record successful boot for GRUB...
[   23.678631] cloud-init[940]: |                 |
         Starting LSB: MD monitoring daemon...
[   23.770623] cloud-init[940]: +----[SHA256]-----+
[[0;32m  OK  [0m] Started Regular background program processing daemon.
[   23.855858] cloud-init[940]: Generating public/private ed25519 key pair.
[   23.918149] cloud-init[940]: Your identification has been saved in /etc/ssh/ssh_host_ed25519_key.
[   23.919261] cloud-init[940]: Your public key has been saved in /etc/ssh/ssh_host_ed25519_key.pub.
[[0;32m  OK  [0m] Started FUSE filesystem for LXC.
[   23.920648] cloud-init[940]: The key fingerprint is:
[   23.978219] cloud-init[940]: SHA256:tzwSFByKDE3uIIRBc7BMalU5ijJjH6go87bkyCWpS+k root@ubuntu-xenial
[   23.997218] cloud-init[940]: The key's randomart image is:
[   23.998229]          Starting Virtualbox guest utils...
cloud-init[940]: +--[ED25519 256]--+
[   24.021053] cloud-init[940]: |+Bo=o...o.       |
         Starting Login Service...
[   24.021726] cloud-init[940]: |* =+.+ ...       |
         [   24.053278] cloud-init[940]: |o++ = o .        |
[   24.053744] cloud-init[940]: |== =   .         |
[   24.056666] cloud-init[940]: |=o. o   S .      |
Starting /etc/rc.local Compatibility...
[   24.057611] cloud-init[940]: |= o.     + .     |
[   24.109037] cloud-init[940]: |.B..    . +      |
[   24.112348] cloud-init[940]: |=+=      . .     |
[   24.113296] cloud-init[940]: |+Eo.             |
         Starting System Logging Service...
[   24.113383] cloud-init[940]: +----[SHA256]-----+
[[0;32m  OK  [0m] Started System Logging Service.
[[0;32m  OK  [0m] Started iSCSI initiator daemon (iscsid).
[[0;32m  OK  [0m] Started LXD - container startup/shutdown.
[[0;32m  OK  [0m] Started Pollinate to seed the pseudo random number generator.
[[0;32m  OK  [0m] Started /etc/rc.local Compatibility.
[[0;32m  OK  [0m] Started Snappy daemon.
[[0;32m  OK  [0m] Started LSB: Record successful boot for GRUB.
[[0;32m  OK  [0m] Started LSB: MD monitoring daemon.
[[0;32m  OK  [0m] Started Login Service.
         Starting Authenticate and Authorize Users to Run Privileged Tasks...
         Starting Wait until snapd is fully seeded...
         Starting OpenBSD Secure Shell server...
         Starting Login to default iSCSI targets...
[[0;32m  OK  [0m] Started Authenticate and Authorize Users to Run Privileged Tasks.
[[0;32m  OK  [0m] Started Virtualbox guest utils.
[[0;32m  OK  [0m] Started Accounts Service.
[[0;32m  OK  [0m] Started OpenBSD Secure Shell server.
[[0;32m  OK  [0m] Started Login to default iSCSI targets.
[[0;32m  OK  [0m] Reached target Remote File Systems (Pre).
[[0;32m  OK  [0m] Reached target Remote File Systems.
         Starting LSB: Set the CPU Frequency Scaling governor to "ondemand"...
         Starting LSB: daemon to balance interrupts for SMP systems...
         Starting Permit User Sessions...
         Starting LSB: automatic crash report generation...
[[0;32m  OK  [0m] Started Permit User Sessions.
[[0;32m  OK  [0m] Started LSB: Set the CPU Frequency Scaling governor to "ondemand".
[[0;32m  OK  [0m] Started LSB: daemon to balance interrupts for SMP systems.
         Starting Terminate Plymouth Boot Screen...
         Starting Hold until boot process finishes up...
[[0;32m  OK  [0m] Started LSB: automatic crash report generation.
[[0;32m  OK  [0m] Started Terminate Plymouth Boot Screen.
[[0;32m  OK  [0m] Started Hold until boot process finishes up.
[[0;32m  OK  [0m] Started Serial Getty on ttyS0.
[[0;32m  OK  [0m] Started Getty on tty1.
[[0;32m  OK  [0m] Reached target Login Prompts.
         Starting Set console scheme...
[[0;32m  OK  [0m] Started Set console scheme.
[[0;32m  OK  [0m] Created slice User Slice of vagrant.
         Starting User Manager for UID 1000...
[[0;32m  OK  [0m] Started Session 1 of user vagrant.
[[0;32m  OK  [0m] Started User Manager for UID 1000.
[[0;32m  OK  [0m] Started Wait until snapd is fully seeded.
[[0;32m  OK  [0m] Reached target Multi-User System.
[[0;32m  OK  [0m] Reached target Graphical Interface.
         Starting Update UTMP about System Runlevel Changes...
         Starting Apply the settings specified in cloud-config...
[[0;32m  OK  [0m] Started Update UTMP about System Runlevel Changes.
[   26.749046] cloud-init[1323]: Generating locales (this might take a while)...
         Stopping User Manager for UID 1000...
[[0;32m  OK  [0m] Stopped User Manager for UID 1000.
[[0;32m  OK  [0m] Removed slice User Slice of vagrant.
[[0;32m  OK  [0m] Created slice User Slice of vagrant.
[   28.272904] cloud-init[1323]:   en_US.UTF-8... done
         Starting User Manager for UID 1000...[   28.297205] cloud-init[1323]: Generation complete.

[[0;32m  OK  [0m] Started Session 2 of user vagrant.
[[0;32m  OK  [0m] Started User Manager for UID 1000.
[   29.091723] cloud-init[1323]: Cloud-init v. 18.3-9-g2e62cb8a-0ubuntu1~16.04.2 running 'modules:config' at Tue, 25 Sep 2018 15:08:28 +0000. Up 26.49 seconds.
[[0;32m  OK  [0m] Started Apply the settings specified in cloud-config.
         Starting Execute cloud user/final scripts...
ci-info: no authorized ssh keys fingerprints found for user ubuntu.
<14>Sep 25 15:08:31 ec2: 
<14>Sep 25 15:08:31 ec2: #############################################################
<14>Sep 25 15:08:31 ec2: -----BEGIN SSH HOST KEY FINGERPRINTS-----
<14>Sep 25 15:08:31 ec2: 1024 SHA256:+Th8h5B37yVh/PdSrlE/zFCCpbsGcsmJujxAd50wyGo root@ubuntu-xenial (DSA)
<14>Sep 25 15:08:31 ec2: 256 SHA256:PjCCrTFsUlNPSo2Udn3kEkD/S32wYEIjsoBagM3wmPE root@ubuntu-xenial (ECDSA)
<14>Sep 25 15:08:31 ec2: 256 SHA256:tzwSFByKDE3uIIRBc7BMalU5ijJjH6go87bkyCWpS+k root@ubuntu-xenial (ED25519)
<14>Sep 25 15:08:31 ec2: 2048 SHA256:QLOeP20pcfOhw0r5gGbEgfi0XgLITVTqOrVahEZH+s4 root@ubuntu-xenial (RSA)
<14>Sep 25 15:08:31 ec2: -----END SSH HOST KEY FINGERPRINTS-----
<14>Sep 25 15:08:31 ec2: #############################################################
-----BEGIN SSH HOST KEY KEYS-----
ecdsa-sha2-nistp256 AAAAE2VjZHNhLXNoYTItbmlzdHAyNTYAAAAIbmlzdHAyNTYAAABBBBz7o3hicBHzH9YFUsGpKbs2U9m02MWlHrB7vVqe8/P7RGlJtFzdL3f4vm5/F+RZIDdfKrk6gxLoDTZ8ptdZQwc= root@ubuntu-xenial
ssh-ed25519 AAAAC3NzaC1lZDI1NTE5AAAAIEq8RVXRy9Cihtl9nsJm2Vaqz2LDtjF3iIB46zkBi7F7 root@ubuntu-xenial
ssh-rsa AAAAB3NzaC1yc2EAAAADAQABAAABAQDBoZ/RPSpc0qpOHX98xNYQJ4/RTgRQgFAMZruuY9Y/MEff8ZvOUcsiA+p711E0Qzy6f5iV/35zD3t+HWXVZQpOi/cfLwsYXXjhqCTQ8x6PrNPDCgkcQ1jQ8DqVsf4jdmnWd1gCyUCsWmb/TYU0ABXXBVBFUH3JM42wpmpm2ByJcs6g9GvnLvaihcVdmi/Xc8hgecS6ONrAVvhTNShkxeL+ZflSA3Nsew5ER1ryTmdvpou7AJVoNBDxUf7OD7jZzxFRzJubt7/n3WcwZNhe4kSjvAlVe6e2lZ+sZe5B3eaDWu0gB9bihYRBtKXR2sGIeL09KUn82ruabBorGYIOfBlV root@ubuntu-xenial
-----END SSH HOST KEY KEYS-----
[   30.409674] cloud-init[1552]: Cloud-init v. 18.3-9-g2e62cb8a-0ubuntu1~16.04.2 running 'modules:final' at Tue, 25 Sep 2018 15:08:31 +0000. Up 29.67 seconds.
[   30.410318] cloud-init[1552]: ci-info: no authorized ssh keys fingerprints found for user ubuntu.
[   30.412617] cloud-init[1552]: Cloud-init v. 18.3-9-g2e62cb8a-0ubuntu1~16.04.2 finished at Tue, 25 Sep 2018 15:08:32 +0000. Datasource DataSourceNoCloud [seed=/dev/sdb][dsmode=net].  Up 30.39 seconds

Ubuntu 16.04.5 LTS ubuntu-xenial ttyS0

ubuntu-xenial login: 